layer 1
	-0.148116 -0.000837 0.029421 -0.007722 
layer 0
	0.000735 -0.000242 0.003324 
